// Jest Snapshot v1, https://goo.gl/fbAQLP

exports[`gifGridItem debe hacer match con el snapshot 1`] = `
<div>
  <div
    class="card"
  >
    <img
      alt="myGif"
      src="http://mygif.com/"
    />
    <p>
      myGif
    </p>
  </div>
</div>
`;
